
> habit-tracker@0.1.0 build
> next build

Γû▓ Next.js 16.1.1 (Turbopack)
- Environments: .env.local

  Creating an optimized production build ...
Γ£ô Compiled successfully in 4.7s
  Running TypeScript ...
node.exe : Failed to compile.
At line:1 char:1
+ & "C:\Program 
Files\nodejs/node.exe" 
"C:\Users\Phoenix007\AppData\Roa ...
+ ~~~~~~~~~~~~~~~~~~~~~~~~~~~~~~~~~~
~~~~~~~~~~~~~~~~~~~~~~~~~~~~~~~~~~~
    + CategoryInfo          : NotSp 
   ecified: (Failed to compile.:St  
  ring) [], RemoteException
    + FullyQualifiedErrorId : Nativ 
   eCommandError
 

./app/(dashboard)/habits/page.tsx:29
2:15
Type error: Type '{ text: string; 
author: string; }' is not 
assignable to type 'ReactNode'.

[0m [90m 290 |[39m             [
33m<[39m[33m/[39m[33mh1[39m[33
m>[39m
 [90m 291 |[39m             
[33m<[39m[33mp[39m className[33
m=[39m[32m"text-slate-400"[39m[3
3m>[39m
[31m[1m>[22m[39m[90m 292 
|[39m               {[33mMOTIVATIO
NAL_QUOTES[39m[quoteIndex]}
 [90m     |[39m               
[31m[1m^[22m[39m
 [90m 293 |[39m             [33m<
[39m[33m/[39m[33mp[39m[33m>[3
9m
 [90m 294 |[39m           [33m<[
39m[33m/[39m[33mdiv[39m[33m>[3
9m
 [90m 295 |[39m[0m
Next.js build worker exited with 
code: 1 and signal: null
